// Jest Snapshot v1, https://goo.gl/fbAQLP

exports[`Button renders correctly and matches snapshot 1`] = `
<View
  accessibilityLabel="Click"
  accessibilityRole="button"
  accessibilityState={
    {
      "busy": undefined,
      "checked": undefined,
      "disabled": false,
      "expanded": undefined,
      "selected": undefined,
    }
  }
  accessibilityValue={
    {
      "max": undefined,
      "min": undefined,
      "now": undefined,
      "text": undefined,
    }
  }
  accessible={true}
  collapsable={false}
  focusable={true}
  onClick={[Function]}
  onResponderGrant={[Function]}
  onResponderMove={[Function]}
  onResponderRelease={[Function]}
  onResponderTerminate={[Function]}
  onResponderTerminationRequest={[Function]}
  onStartShouldSetResponder={[Function]}
  style={
    {
      "borderRadius": 8,
      "opacity": 1,
      "overflow": "hidden",
    }
  }
>
  <View
    style={
      {
        "alignItems": "center",
        "backgroundColor": "blue",
        "borderRadius": 8,
        "justifyContent": "center",
        "minHeight": 48,
        "paddingHorizontal": 24,
        "paddingVertical": 12,
      }
    }
  >
    <Text
      style={
        {
          "color": "#fff",
          "fontSize": 16,
          "fontWeight": "600",
        }
      }
    >
      Click
    </Text>
  </View>
</View>
`;
